Chapter 1 



Last login: Wed Feb 16 10:07:59 on ttys000
(base) ugyenchoden@Ugyens-MacBook-Pro ~ % cd Web\ Development 
(base) ugyenchoden@Ugyens-MacBook-Pro Web Development % mkdir Story
(base) ugyenchoden@Ugyens-MacBook-Pro Web Development % cd Story 
(base) ugyenchoden@Ugyens-MacBook-Pro Story % ls
(base) ugyenchoden@Ugyens-MacBook-Pro Story % touch chapter1.txt
(base) ugyenchoden@Ugyens-MacBook-Pro Story % open chapter1.txt 
(base) ugyenchoden@Ugyens-MacBook-Pro Story % git init
hint: Using 'master' as the name for the initial branch. This default branch name
hint: is subject to change. To configure the initial branch name to use in all
hint: of your new repositories, which will suppress this warning, call:
hint: 
hint: 	git config --global init.defaultBranch <name>
hint: 
hint: Names commonly chosen instead of 'master' are 'main', 'trunk' and
hint: 'development'. The just-created branch can be renamed via this command:
hint: 
hint: 	git branch -m <name>
Initialized empty Git repository in /Users/ugyenchoden/Web Development/Story/.git/
(base) ugyenchoden@Ugyens-MacBook-Pro Story % ls
chapter1.txt
(base) ugyenchoden@Ugyens-MacBook-Pro Story % ls -a
.		..		.git		chapter1.txt
(base) ugyenchoden@Ugyens-MacBook-Pro Story % pwd
/Users/ugyenchoden/Web Development/Story
(base) ugyenchoden@Ugyens-MacBook-Pro Story % git status
On branch master

No commits yet

Untracked files:
  (use "git add <file>..." to include in what will be committed)
	chapter1.txt

nothing added to commit but untracked files present (use "git add" to track)
(base) ugyenchoden@Ugyens-MacBook-Pro Story % git add chapter1.txt 
(base) ugyenchoden@Ugyens-MacBook-Pro Story % git status          
On branch master

No commits yet

Changes to be committed:
  (use "git rm --cached <file>..." to unstage)
	new file:   chapter1.txt

(base) ugyenchoden@Ugyens-MacBook-Pro Story % git commit -m "Complete Chapter 1" 
[master (root-commit) 309f8db] Complete Chapter 1
 1 file changed, 1 insertion(+)
 create mode 100644 chapter1.txt
(base) ugyenchoden@Ugyens-MacBook-Pro Story % git log
commit 309f8dbbcf2bcf46bbd5a1627a1494b2acd4073f (HEAD -> master)
Author: Ugyen Choden <ugyenchoden.gcit@rub.edu.bt>
Date:   Wed Feb 16 15:14:57 2022 +0700

    Complete Chapter 1
(base) ugyenchoden@Ugyens-MacBook-Pro Story % touch chapter2.txt chapter3.txt
(base) ugyenchoden@Ugyens-MacBook-Pro Story % ls
chapter1.txt	chapter2.txt	chapter3.txt
(base) ugyenchoden@Ugyens-MacBook-Pro Story % open chapter2.txt
(base) ugyenchoden@Ugyens-MacBook-Pro Story % open chapter3.txt
(base) ugyenchoden@Ugyens-MacBook-Pro Story % git status
On branch master
Untracked files:
  (use "git add <file>..." to include in what will be committed)
	chapter2.txt
	chapter3.txt

nothing added to commit but untracked files present (use "git add" to track)
(base) ugyenchoden@Ugyens-MacBook-Pro Story % git add .            
(base) ugyenchoden@Ugyens-MacBook-Pro Story % git status
On branch master
Changes to be committed:
  (use "git restore --staged <file>..." to unstage)
	new file:   chapter2.txt
	new file:   chapter3.txt

(base) ugyenchoden@Ugyens-MacBook-Pro Story % git commit -m "Complete Chapter 2 and Chapter 3" 
[master 2c5936b] Complete Chapter 2 and Chapter 3
 2 files changed, 2 insertions(+)
 create mode 100644 chapter2.txt
 create mode 100644 chapter3.txt
(base) ugyenchoden@Ugyens-MacBook-Pro Story % git log
commit 2c5936bf4bf4e1dbb7f9d27828b79e010b002639 (HEAD -> master)
Author: Ugyen Choden <ugyenchoden.gcit@rub.edu.bt>
Date:   Wed Feb 16 15:18:31 2022 +0700

    Complete Chapter 2 and Chapter 3

commit 309f8dbbcf2bcf46bbd5a1627a1494b2acd4073f
Author: Ugyen Choden <ugyenchoden.gcit@rub.edu.bt>
Date:   Wed Feb 16 15:14:57 2022 +0700

    Complete Chapter 1
(base) ugyenchoden@Ugyens-MacBook-Pro Story % 
